[debug] [2025-09-08T03:38:09.804Z] ----------------------------------------------------------------------
[debug] [2025-09-08T03:38:09.806Z] Command:       C:\Program Files\nodejs\node.exe C:\Users\kevin\AppData\Roaming\npm\node_modules\firebase-tools\lib\bin\firebase.js use --add
[debug] [2025-09-08T03:38:09.806Z] CLI Version:   14.15.2
[debug] [2025-09-08T03:38:09.806Z] Platform:      win32
[debug] [2025-09-08T03:38:09.806Z] Node Version:  v22.17.0
[debug] [2025-09-08T03:38:09.807Z] Time:          Mon Sep 08 2025 00:38:09 GMT-0300 (hora estándar de Argentina)
[debug] [2025-09-08T03:38:09.807Z] ----------------------------------------------------------------------
[debug] 
[debug] [2025-09-08T03:38:09.929Z] > command requires scopes: ["email","openid","https://www.googleapis.com/auth/cloudplatformprojects.readonly","https://www.googleapis.com/auth/firebase","https://www.googleapis.com/auth/cloud-platform"]
[debug] [2025-09-08T03:38:09.930Z] > authorizing via signed-in user (upperds10@gmail.com)
[debug] [2025-09-08T03:38:09.930Z] Checked if tokens are valid: true, expires at: 1757306178915
[debug] [2025-09-08T03:38:09.930Z] Checked if tokens are valid: true, expires at: 1757306178915
[debug] [2025-09-08T03:38:09.931Z] >>> [apiv2][query] GET https://firebase.googleapis.com/v1beta1/projects pageSize=1000
[debug] [2025-09-08T03:38:10.623Z] <<< [apiv2][status] GET https://firebase.googleapis.com/v1beta1/projects 200
[debug] [2025-09-08T03:38:10.623Z] <<< [apiv2][body] GET https://firebase.googleapis.com/v1beta1/projects [omitted]
[debug] [2025-09-08T03:39:56.868Z] ExitPromptError: User force closed the prompt with SIGINT
    at Interface.sigint (C:\Users\kevin\AppData\Roaming\npm\node_modules\firebase-tools\node_modules\@inquirer\core\dist\commonjs\lib\create-prompt.js:101:37)
    at Interface.emit (node:events:518:28)
    at Interface.emit (node:domain:489:12)
    at [_ttyWrite] [as _ttyWrite] (node:internal/readline/interface:1132:18)
    at ReadStream.onkeypress (node:internal/readline/interface:271:20)
    at ReadStream.emit (node:events:530:35)
    at ReadStream.emit (node:domain:489:12)
    at emitKeys (node:internal/readline/utils:370:14)
    at emitKeys.next (<anonymous>)
    at ReadStream.onData (node:internal/readline/emitKeypressEvents:64:36)
[error] 
[error] Error: An unexpected error has occurred.
